2026-06-11 08:35:23,829 -  INFO - [INFO] User viewed the menu
2026-06-11 08:35:26,885 -  WARNING - ItemNotFoundError - Code: A1
2026-06-11 08:35:42,518 -  WARNING - InvalidQuantityError - Quantity: -5
2026-06-11 08:35:43,631 -  ERROR - ValueError - Invalid quantity input
2026-06-11 08:35:48,277 -  INFO - Added 6 of P1 to order
2026-06-11 08:44:43,025 -  WARNING - ItemNotFoundError - Code: P01
2026-06-11 08:44:46,835 -  WARNING - ItemNotFoundError - Code: F01
2026-06-11 08:45:08,004 -  INFO - Added 2 of P1 to order
2026-06-11 08:45:15,272 -  INFO - Added 1 of F1 to order
2026-06-11 08:58:57,020 -  INFO - Added 2 of P1 to order
2026-06-11 08:59:01,299 -  INFO - Added 1 of F1 to order
2026-06-11 08:59:04,172 -  INFO - User viewed their order
2026-06-11 08:59:12,389 -  INFO - User viewed their order
2026-06-11 08:59:25,081 -  INFO - Checkout successful
2026-06-11 08:59:28,663 -  INFO - User viewed their order
2026-06-11 09:00:16,436 -  INFO - Added 2 of P1 to order
2026-06-11 09:00:35,897 -  INFO - Added 2 of P1 to order
2026-06-11 09:00:38,811 -  INFO - User viewed their order
2026-06-11 09:00:47,528 -  INFO - Checkout successful
2026-06-11 09:01:10,229 -  INFO - Added 2 of P1 to order
2026-06-11 09:01:19,619 -  INFO - Added 2 of P1 to order
2026-06-11 09:01:20,894 -  INFO - User viewed their order
2026-06-11 09:01:22,999 -  INFO - Checkout successful
2026-06-11 10:18:42,250 -  INFO - Added 2 of P1 to order
2026-06-11 10:18:55,259 -  INFO - Added 2 of P1 to order
2026-06-11 10:18:57,126 -  INFO - User viewed their order
2026-06-11 10:18:59,968 -  INFO - Checkout successful
2026-06-11 10:19:02,777 -  INFO - User viewed the menu
2026-06-11 10:19:05,207 -  INFO - User viewed their order
2026-06-11 10:38:21,024 -  INFO - Added 2 of P1 to order
2026-06-11 10:38:24,511 -  INFO - User viewed their order
2026-06-11 10:38:28,315 -  INFO - Checkout successful
2026-06-11 10:52:25,258 -  INFO - Cashier logged out. System shutdown.
